[ghornet.pro/index.html]
[backblue.gif]
[fade.gif]
[index.html]
[cdnjs.cloudflare.com/ajax/libs/jquery/3.4.1/jquery.min.js]
[ghornet.pro/favicon.ico]
[www.google.com/recaptcha/api.js]
[ghornet.pro/js/mainscript.js]
[ghornet.pro/js/main.js]
[cdnjs.cloudflare.com/ajax/libs/rangeslider.js/2.3.0/rangeslider.min.js]
[ghornet.pro/css/rangeslider.css]
[ghornet.pro/apple-touch-icon.png]
[ghornet.pro/favicon-32x32.png]
[ghornet.pro/favicon-16x16.png]
[ghornet.pro/safari-pinned-tab.svg]
[ghornet.pro/css/base42d5.css]
[ghornet.pro/css/dashboard42d5.css]
[ghornet.pro/css/index.min42d5.css]
[ghornet.pro/dashboard.html]
[ghornet.pro/faq.html]
[ghornet.pro/about.html]
[ghornet.pro/contacts.html]
[ghornet.pro/images/monitor__screen.png]
[ghornet.pro/auth.html]
[ghornet.pro/images/binance__logo.svg]
[ghornet.pro/images/bybit_logo.png]
[ghornet.pro/images/coinbase__logo.svg]
[cdnjs.cloudflare.com/ajax/libs/jquery/3.2.1/jquery.min.js]
[ghornet.pro/js/scripts.js]
[ghornet.pro/js/slick.min.js]
[ghornet.pro/js/counter.js]
[ghornet.pro/js/ab-particles.min.js]
[ghornet.pro/index.html]
[ghornet.pro/css/rangeslider.css]
[ghornet.pro/site.html]
[ghornet.pro/safari-pinned-tab.svg]
[ghornet.pro/js/aos.js]
[ghornet.pro/images/logotype.svg]
[ghornet.pro/images/user_icon.svg]
[ghornet.pro/images/user_icon-active.svg]
[ghornet.pro/images/menu.svg]
[ghornet.pro/images/gift_icon.svg]
[ghornet.pro/images/email_icon.svg]
[ghornet.pro/images/lock_icon.svg]
[ghornet.pro/images/login.svg]
[ghornet.pro/images/eye_icon.svg]
[ghornet.pro/images/eye_off_icon.svg]
[ghornet.pro/images/aggree.svg]
[ghornet.pro/images/free_bonuses.svg]
[ghornet.pro/images/level__affiliate.svg]
[ghornet.pro/images/quick__withdrawals.svg]
[ghornet.pro/images/up__to-per-day.svg]
[ghornet.pro/images/check__icon-green.svg]
[ghornet.pro/images/check__icon.svg]
[ghornet.pro/images/crown_icon.svg]
[ghornet.pro/images/crown_icon-white.svg]
[ghornet.pro/images/two__dots.svg]
[ghornet.pro/images/withdrawal__icon.svg]
[ghornet.pro/images/profit__icon.svg]
[ghornet.pro/images/innovations__icon.svg]
[ghornet.pro/images/bonus__icon.svg]
[ghornet.pro/images/monirot_blur.png]
[ghornet.pro/images/arrow_conrer-white.svg]
[ghornet.pro/images/calc__bg.png]
[ghornet.pro/images/layers__dotsA.png]
[ghornet.pro/images/layers__dotsB.png]
[ghornet.pro/images/callendar__icon.svg]
[ghornet.pro/images/arrow__drop-dows.svg]
[ghornet.pro/images/minus__icon.svg]
[ghornet.pro/images/plus__icon.svg]
[ghornet.pro/images/dashboard/copy__icon_green.svg]
[ghornet.pro/images/power__icon.svg]
[ghornet.pro/images/layers__icon.svg]
[ghornet.pro/images/money__coin_icon.svg]
[ghornet.pro/images/chat__icon.svg]
[ghornet.pro/images/invested__icon.svg]
[ghornet.pro/images/paid__icon.svg]
[ghornet.pro/images/days_in-work__icon.svg]
[ghornet.pro/images/user_big__icon.svg]
[ghornet.pro/images/account_icon.svg]
[ghornet.pro/images/deposit_icon.svg]
[ghornet.pro/images/gift2_icon.svg]
[ghornet.pro/images/about__bg.svg]
[ghornet.pro/images/contacts__blur.png]
[ghornet.pro/images/web_icon.svg]
[ghornet.pro/images/mail_icon.svg]
[ghornet.pro/images/crypto_logo/bnb.svg]
[ghornet.pro/images/crypto_logo/tron.svg]
[ghornet.pro/images/crypto_logo/busd.svg]
[ghornet.pro/images/crypto_logo/bitcash.svg]
[ghornet.pro/images/crypto_logo/zcash.svg]
[ghornet.pro/images/crypto_logo/tether.svg]
[ghornet.pro/images/crypto_logo/bitcoin.svg]
[ghornet.pro/images/crypto_logo/litecoin.svg]
[ghornet.pro/images/crypto_logo/shiba.svg]
[ghornet.pro/images/crypto_logo/cardano.svg]
[ghornet.pro/images/crypto_logo/doge.svg]
[ghornet.pro/images/crypto_logo/ethereum.svg]
[ghornet.pro/images/crypto_logo/polkadot.svg]
[ghornet.pro/images/crypto_logo/ripple.svg]
[ghornet.pro/images/crypto_logo/chainlink.svg]
[ghornet.pro/images/arrow_right_dark_icon.svg]
[ghornet.pro/images/arrow_left_dark_icon.5f.delayed]
[ghornet.pro/css/base42d5.css]
[ghornet.pro/images/close__icon.svg]
[ghornet.pro/images/dashboard/user__icon.svg]
[ghornet.pro/images/dashboard/minig__icon.svg]
[ghornet.pro/images/dashboard/deposit__icon.svg]
[ghornet.pro/images/dashboard/affiliate__icon.svg]
[ghornet.pro/images/dashboard/bonuses__icon.svg]
[ghornet.pro/images/dashboard/arrow__corner.svg]
[ghornet.pro/images/dashboard/arrow__corner-white.svg]
[ghornet.pro/images/dashboard/home__icon.svg]
[ghornet.pro/images/dashboard/faq__icon.svg]
[ghornet.pro/images/dashboard/aboutus__icon.svg]
[ghornet.pro/images/dashboard/plans__icon.svg]
[ghornet.pro/images/dashboard/contacts__icon.svg]
[ghornet.pro/images/dashboard/score__lightning.svg]
[ghornet.pro/images/dashboard/score__schedule.svg]
[ghornet.pro/images/dashboard/score__document.svg]
[ghornet.pro/images/dashboard/user__circle.svg]
[ghornet.pro/images/dashboard/user__plus.svg]
[ghornet.pro/images/dashboard/info_icon.svg]
[ghornet.pro/images/dashboard/close__icon.svg]
[ghornet.pro/images/dashboard/light_bg.png]
[ghornet.pro/images/dashboard/light_bg-active.png]
[ghornet.pro/images/dashboard/reload_icon.svg]
[ghornet.pro/images/dashboard/reload_icon-white.svg]
[ghornet.pro/images/dashboard/copy__icon.svg]
[ghornet.pro/images/dashboard/approve__icon.svg]
[ghornet.pro/images/dashboard/play__bonus-icon.svg]
[ghornet.pro/images/dashboard/arrow__down.svg]
[ghornet.pro/images/dashboard/alert__green.svg]
[ghornet.pro/images/dashboard/alert__yellow.svg]
[ghornet.pro/images/dashboard/alert__success_icon.svg]
[ghornet.pro/images/dashboard/min__lightning-icon.svg]
[ghornet.pro/css/dashboard42d5.css]
[ghornet.pro/dashboard.html]
[ghornet.pro/css/index.min42d5.css]
[ghornet.pro/faq.html]
[ghornet.pro/about.html]
[ghornet.pro/contacts.html]
[ghornet.pro/auth.html]
[ghornet.pro/images/binance__logo.svg]
[ghornet.pro/images/coinbase__logo.svg]
[ghornet.pro/images/logotype.svg]
[ghornet.pro/images/user_icon.svg]
[ghornet.pro/images/user_icon-active.svg]
[ghornet.pro/images/menu.svg]
[ghornet.pro/images/gift_icon.svg]
[ghornet.pro/images/email_icon.svg]
[ghornet.pro/images/lock_icon.svg]
[ghornet.pro/images/login.svg]
[ghornet.pro/images/eye_icon.svg]
[ghornet.pro/images/eye_off_icon.svg]
[ghornet.pro/images/aggree.svg]
[ghornet.pro/images/free_bonuses.svg]
[ghornet.pro/images/level__affiliate.svg]
[ghornet.pro/images/quick__withdrawals.svg]
[ghornet.pro/images/up__to-per-day.svg]
[ghornet.pro/images/check__icon-green.svg]
[ghornet.pro/images/check__icon.svg]
[ghornet.pro/images/crown_icon.svg]
[ghornet.pro/images/crown_icon-white.svg]
[ghornet.pro/images/two__dots.svg]
[ghornet.pro/images/withdrawal__icon.svg]
[ghornet.pro/images/profit__icon.svg]
[ghornet.pro/images/innovations__icon.svg]
[ghornet.pro/images/bonus__icon.svg]
[ghornet.pro/images/arrow_conrer-white.svg]
[ghornet.pro/images/callendar__icon.svg]
[ghornet.pro/images/arrow__drop-dows.svg]
[ghornet.pro/images/minus__icon.svg]
[ghornet.pro/images/plus__icon.svg]
[ghornet.pro/images/dashboard/copy__icon_green.svg]
[ghornet.pro/images/power__icon.svg]
[ghornet.pro/images/layers__icon.svg]
[ghornet.pro/images/money__coin_icon.svg]
[ghornet.pro/images/chat__icon.svg]
[ghornet.pro/images/invested__icon.svg]
[ghornet.pro/images/paid__icon.svg]
[ghornet.pro/images/days_in-work__icon.svg]
[ghornet.pro/images/user_big__icon.svg]
[ghornet.pro/images/account_icon.svg]
[ghornet.pro/images/deposit_icon.svg]
[ghornet.pro/images/gift2_icon.svg]
[ghornet.pro/images/about__bg.svg]
[ghornet.pro/images/web_icon.svg]
[ghornet.pro/images/mail_icon.svg]
[ghornet.pro/images/crypto_logo/bnb.svg]
[ghornet.pro/images/crypto_logo/tron.svg]
[ghornet.pro/images/crypto_logo/busd.svg]
[ghornet.pro/images/crypto_logo/bitcash.svg]
[ghornet.pro/images/crypto_logo/zcash.svg]
[ghornet.pro/images/crypto_logo/tether.svg]
[ghornet.pro/images/crypto_logo/bitcoin.svg]
[ghornet.pro/images/crypto_logo/litecoin.svg]
[ghornet.pro/images/crypto_logo/shiba.svg]
[ghornet.pro/images/crypto_logo/cardano.svg]
[ghornet.pro/images/crypto_logo/doge.svg]
[ghornet.pro/images/crypto_logo/ethereum.svg]
[ghornet.pro/images/crypto_logo/polkadot.svg]
[ghornet.pro/images/crypto_logo/ripple.svg]
[ghornet.pro/images/crypto_logo/chainlink.svg]
[ghornet.pro/images/arrow_right_dark_icon.html]
[ghornet.pro/images/arrow_left_dark_icon.html]
[ghornet.pro/images/close__icon.svg]
[ghornet.pro/images/dashboard/user__icon.svg]
[ghornet.pro/images/dashboard/minig__icon.svg]
[ghornet.pro/images/dashboard/deposit__icon.svg]
[ghornet.pro/images/dashboard/affiliate__icon.svg]
[ghornet.pro/images/dashboard/bonuses__icon.svg]
[ghornet.pro/images/dashboard/arrow__corner.svg]
[ghornet.pro/images/dashboard/arrow__corner-white.svg]
[ghornet.pro/images/dashboard/home__icon.svg]
[ghornet.pro/images/dashboard/faq__icon.svg]
[ghornet.pro/images/dashboard/aboutus__icon.svg]
[ghornet.pro/images/dashboard/plans__icon.svg]
[ghornet.pro/images/dashboard/contacts__icon.svg]
[ghornet.pro/images/dashboard/score__lightning.svg]
[ghornet.pro/images/dashboard/score__schedule.svg]
[ghornet.pro/images/dashboard/score__document.svg]
[ghornet.pro/images/dashboard/user__circle.svg]
[ghornet.pro/images/dashboard/user__plus.svg]
[ghornet.pro/images/dashboard/info_icon.svg]
[ghornet.pro/images/dashboard/close__icon.svg]
[ghornet.pro/images/dashboard/reload_icon.svg]
[ghornet.pro/images/dashboard/reload_icon-white.svg]
[ghornet.pro/images/dashboard/copy__icon.svg]
[ghornet.pro/images/dashboard/approve__icon.svg]
[ghornet.pro/images/dashboard/play__bonus-icon.svg]
[ghornet.pro/images/dashboard/arrow__down.svg]
[ghornet.pro/images/dashboard/alert__green.svg]
[ghornet.pro/images/dashboard/alert__yellow.svg]
[ghornet.pro/images/dashboard/alert__success_icon.svg]
[ghornet.pro/images/dashboard/min__lightning-icon.svg]
[ghornet.pro/images/dashboard/logout__icon.svg]
[ghornet.pro/images/dashboard/logout__icon.svg]
